{
  "entries" : [
    {
      "iteration" : 0
    },
    {
      "iteration" : 1,
      "pitch" : "154.091"
    },
    {
      "iteration" : 2,
      "pitch" : "155.845"
    },
    {
      "iteration" : 3,
      "pitch" : "155.849"
    },
    {
      "iteration" : 4,
      "pitch" : "155.964"
    },
    {
      "iteration" : 5,
      "pitch" : "155.915"
    },
    {
      "iteration" : 6,
      "pitch" : "155.855"
    },
    {
      "iteration" : 7,
      "pitch" : "155.803"
    },
    {
      "iteration" : 8,
      "pitch" : "155.811"
    },
    {
      "iteration" : 9,
      "pitch" : "155.756"
    },
    {
      "iteration" : 10,
      "pitch" : "155.763"
    },
    {
      "iteration" : 11,
      "pitch" : "155.845"
    },
    {
      "iteration" : 12,
      "pitch" : "155.734"
    },
    {
      "iteration" : 13,
      "pitch" : "155.603"
    },
    {
      "iteration" : 14,
      "pitch" : "155.496"
    },
    {
      "iteration" : 15,
      "pitch" : "155.659"
    },
    {
      "iteration" : 16,
      "pitch" : "155.740"
    },
    {
      "iteration" : 17,
      "pitch" : "155.679"
    },
    {
      "iteration" : 18,
      "pitch" : "155.683"
    },
    {
      "iteration" : 19,
      "pitch" : "155.582"
    },
    {
      "iteration" : 20,
      "pitch" : "155.827"
    },
    {
      "iteration" : 21,
      "pitch" : "155.593"
    },
    {
      "iteration" : 22
    },
    {
      "iteration" : 23
    },
    {
      "iteration" : 24
    },
    {
      "iteration" : 25
    }
  ]
}