{
  "entries" : [
    {
      "iteration" : 0
    },
    {
      "iteration" : 1,
      "pitch" : "114.126"
    },
    {
      "iteration" : 2,
      "pitch" : "116.670"
    },
    {
      "iteration" : 3,
      "pitch" : "116.694"
    },
    {
      "iteration" : 4,
      "pitch" : "116.746"
    },
    {
      "iteration" : 5,
      "pitch" : "116.515"
    },
    {
      "iteration" : 6,
      "pitch" : "116.620"
    },
    {
      "iteration" : 7,
      "pitch" : "116.603"
    },
    {
      "iteration" : 8,
      "pitch" : "116.722"
    },
    {
      "iteration" : 9,
      "pitch" : "116.732"
    },
    {
      "iteration" : 10,
      "pitch" : "116.656"
    },
    {
      "iteration" : 11,
      "pitch" : "116.754"
    },
    {
      "iteration" : 12,
      "pitch" : "116.624"
    },
    {
      "iteration" : 13
    },
    {
      "iteration" : 14
    },
    {
      "iteration" : 15
    },
    {
      "iteration" : 16
    },
    {
      "iteration" : 17
    },
    {
      "iteration" : 18
    },
    {
      "iteration" : 19
    },
    {
      "iteration" : 20
    },
    {
      "iteration" : 21
    },
    {
      "iteration" : 22
    },
    {
      "iteration" : 23
    },
    {
      "iteration" : 24
    },
    {
      "iteration" : 25
    }
  ]
}