{
  "entries" : [
    {
      "iteration" : 0
    },
    {
      "iteration" : 1
    },
    {
      "iteration" : 2,
      "pitch" : "27.462"
    },
    {
      "iteration" : 3,
      "pitch" : "27.433"
    },
    {
      "iteration" : 4,
      "pitch" : "54.887"
    },
    {
      "iteration" : 5,
      "pitch" : "27.547"
    },
    {
      "iteration" : 6,
      "pitch" : "27.421"
    },
    {
      "iteration" : 7,
      "pitch" : "27.464"
    },
    {
      "iteration" : 8,
      "pitch" : "27.538"
    },
    {
      "iteration" : 9,
      "pitch" : "27.507"
    },
    {
      "iteration" : 10,
      "pitch" : "27.469"
    },
    {
      "iteration" : 11,
      "pitch" : "27.515"
    },
    {
      "iteration" : 12,
      "pitch" : "27.510"
    },
    {
      "iteration" : 13,
      "pitch" : "27.482"
    },
    {
      "iteration" : 14,
      "pitch" : "27.489"
    },
    {
      "iteration" : 15,
      "pitch" : "27.499"
    },
    {
      "iteration" : 16,
      "pitch" : "27.476"
    },
    {
      "iteration" : 17,
      "pitch" : "27.490"
    },
    {
      "iteration" : 18,
      "pitch" : "27.491"
    },
    {
      "iteration" : 19,
      "pitch" : "27.523"
    },
    {
      "iteration" : 20,
      "pitch" : "27.461"
    },
    {
      "iteration" : 21,
      "pitch" : "27.518"
    },
    {
      "iteration" : 22,
      "pitch" : "27.510"
    },
    {
      "iteration" : 23,
      "pitch" : "27.500"
    },
    {
      "iteration" : 24,
      "pitch" : "27.526"
    },
    {
      "iteration" : 25,
      "pitch" : "27.518"
    }
  ]
}