{
  "entries" : [
    {
      "iteration" : 0
    },
    {
      "iteration" : 1
    },
    {
      "iteration" : 2,
      "pitch" : "29.041"
    },
    {
      "iteration" : 3,
      "pitch" : "29.110"
    },
    {
      "iteration" : 4,
      "pitch" : "29.159"
    },
    {
      "iteration" : 5,
      "pitch" : "29.148"
    },
    {
      "iteration" : 6,
      "pitch" : "29.088"
    },
    {
      "iteration" : 7,
      "pitch" : "29.157"
    },
    {
      "iteration" : 8,
      "pitch" : "29.170"
    },
    {
      "iteration" : 9,
      "pitch" : "29.124"
    },
    {
      "iteration" : 10,
      "pitch" : "29.135"
    },
    {
      "iteration" : 11,
      "pitch" : "29.125"
    },
    {
      "iteration" : 12,
      "pitch" : "29.159"
    },
    {
      "iteration" : 13,
      "pitch" : "29.175"
    },
    {
      "iteration" : 14,
      "pitch" : "29.094"
    },
    {
      "iteration" : 15,
      "pitch" : "29.115"
    },
    {
      "iteration" : 16,
      "pitch" : "29.143"
    },
    {
      "iteration" : 17,
      "pitch" : "29.155"
    },
    {
      "iteration" : 18,
      "pitch" : "29.136"
    },
    {
      "iteration" : 19,
      "pitch" : "29.161"
    },
    {
      "iteration" : 20,
      "pitch" : "29.120"
    },
    {
      "iteration" : 21,
      "pitch" : "29.118"
    },
    {
      "iteration" : 22,
      "pitch" : "29.186"
    },
    {
      "iteration" : 23,
      "pitch" : "29.154"
    },
    {
      "iteration" : 24,
      "pitch" : "29.159"
    },
    {
      "iteration" : 25,
      "pitch" : "29.050"
    }
  ]
}