{
  "entries" : [
    {
      "iteration" : 0
    },
    {
      "iteration" : 1,
      "pitch" : "66.899"
    },
    {
      "iteration" : 2,
      "pitch" : "61.817"
    },
    {
      "iteration" : 3,
      "pitch" : "61.749"
    },
    {
      "iteration" : 4,
      "pitch" : "61.769"
    },
    {
      "iteration" : 5,
      "pitch" : "61.807"
    },
    {
      "iteration" : 6,
      "pitch" : "61.750"
    },
    {
      "iteration" : 7,
      "pitch" : "61.762"
    },
    {
      "iteration" : 8,
      "pitch" : "61.778"
    },
    {
      "iteration" : 9,
      "pitch" : "61.851"
    },
    {
      "iteration" : 10,
      "pitch" : "61.663"
    },
    {
      "iteration" : 11,
      "pitch" : "61.840"
    },
    {
      "iteration" : 12,
      "pitch" : "61.591"
    },
    {
      "iteration" : 13,
      "pitch" : "61.776"
    },
    {
      "iteration" : 14,
      "pitch" : "61.727"
    },
    {
      "iteration" : 15,
      "pitch" : "61.840"
    },
    {
      "iteration" : 16,
      "pitch" : "61.726"
    },
    {
      "iteration" : 17,
      "pitch" : "61.865"
    },
    {
      "iteration" : 18,
      "pitch" : "61.805"
    },
    {
      "iteration" : 19,
      "pitch" : "61.840"
    },
    {
      "iteration" : 20,
      "pitch" : "61.783"
    },
    {
      "iteration" : 21
    },
    {
      "iteration" : 22
    },
    {
      "iteration" : 23
    },
    {
      "iteration" : 24
    },
    {
      "iteration" : 25
    }
  ]
}