{
  "entries" : [
    {
      "iteration" : 0
    },
    {
      "iteration" : 1
    },
    {
      "iteration" : 2,
      "pitch" : "195.543"
    },
    {
      "iteration" : 3,
      "pitch" : "195.390"
    },
    {
      "iteration" : 4,
      "pitch" : "195.886"
    },
    {
      "iteration" : 5,
      "pitch" : "196.274"
    },
    {
      "iteration" : 6,
      "pitch" : "196.492"
    },
    {
      "iteration" : 7,
      "pitch" : "196.174"
    },
    {
      "iteration" : 8,
      "pitch" : "196.113"
    },
    {
      "iteration" : 9,
      "pitch" : "196.393"
    },
    {
      "iteration" : 10,
      "pitch" : "196.193"
    },
    {
      "iteration" : 11,
      "pitch" : "196.626"
    },
    {
      "iteration" : 12,
      "pitch" : "196.461"
    },
    {
      "iteration" : 13,
      "pitch" : "196.432"
    },
    {
      "iteration" : 14
    },
    {
      "iteration" : 15
    },
    {
      "iteration" : 16
    },
    {
      "iteration" : 17
    },
    {
      "iteration" : 18
    },
    {
      "iteration" : 19
    },
    {
      "iteration" : 20
    },
    {
      "iteration" : 21
    },
    {
      "iteration" : 22
    },
    {
      "iteration" : 23
    },
    {
      "iteration" : 24
    },
    {
      "iteration" : 25
    }
  ]
}