{
  "entries" : [
    {
      "iteration" : 0
    },
    {
      "iteration" : 1,
      "pitch" : "233.115"
    },
    {
      "iteration" : 2,
      "pitch" : "232.833"
    },
    {
      "iteration" : 3,
      "pitch" : "233.717"
    },
    {
      "iteration" : 4,
      "pitch" : "233.509"
    },
    {
      "iteration" : 5,
      "pitch" : "233.526"
    },
    {
      "iteration" : 6,
      "pitch" : "233.311"
    },
    {
      "iteration" : 7,
      "pitch" : "233.521"
    },
    {
      "iteration" : 8,
      "pitch" : "233.365"
    },
    {
      "iteration" : 9,
      "pitch" : "233.614"
    },
    {
      "iteration" : 10,
      "pitch" : "233.137"
    },
    {
      "iteration" : 11,
      "pitch" : "233.345"
    },
    {
      "iteration" : 12,
      "pitch" : "233.741"
    },
    {
      "iteration" : 13
    },
    {
      "iteration" : 14
    },
    {
      "iteration" : 15
    },
    {
      "iteration" : 16
    },
    {
      "iteration" : 17
    },
    {
      "iteration" : 18
    },
    {
      "iteration" : 19
    },
    {
      "iteration" : 20
    },
    {
      "iteration" : 21
    },
    {
      "iteration" : 22
    },
    {
      "iteration" : 23
    },
    {
      "iteration" : 24
    },
    {
      "iteration" : 25
    }
  ]
}