{
  "entries" : [
    {
      "iteration" : 0
    },
    {
      "iteration" : 1
    },
    {
      "iteration" : 2,
      "pitch" : "371.076"
    },
    {
      "iteration" : 3,
      "pitch" : "370.482"
    },
    {
      "iteration" : 4,
      "pitch" : "370.567"
    },
    {
      "iteration" : 5,
      "pitch" : "371.045"
    },
    {
      "iteration" : 6,
      "pitch" : "370.782"
    },
    {
      "iteration" : 7,
      "pitch" : "370.752"
    },
    {
      "iteration" : 8
    },
    {
      "iteration" : 9
    },
    {
      "iteration" : 10
    },
    {
      "iteration" : 11
    },
    {
      "iteration" : 12
    },
    {
      "iteration" : 13
    },
    {
      "iteration" : 14
    },
    {
      "iteration" : 15
    },
    {
      "iteration" : 16
    },
    {
      "iteration" : 17
    },
    {
      "iteration" : 18
    },
    {
      "iteration" : 19
    },
    {
      "iteration" : 20
    },
    {
      "iteration" : 21
    },
    {
      "iteration" : 22
    },
    {
      "iteration" : 23
    },
    {
      "iteration" : 24
    },
    {
      "iteration" : 25
    }
  ]
}