{
  "entries" : [
    {
      "iteration" : 0
    },
    {
      "iteration" : 1
    },
    {
      "iteration" : 2,
      "pitch" : "82.452"
    },
    {
      "iteration" : 3,
      "pitch" : "41.184"
    },
    {
      "iteration" : 4,
      "pitch" : "41.192"
    },
    {
      "iteration" : 5,
      "pitch" : "41.230"
    },
    {
      "iteration" : 6,
      "pitch" : "41.151"
    },
    {
      "iteration" : 7,
      "pitch" : "41.172"
    },
    {
      "iteration" : 8,
      "pitch" : "41.198"
    },
    {
      "iteration" : 9,
      "pitch" : "41.172"
    },
    {
      "iteration" : 10,
      "pitch" : "41.155"
    },
    {
      "iteration" : 11,
      "pitch" : "41.180"
    },
    {
      "iteration" : 12,
      "pitch" : "41.222"
    },
    {
      "iteration" : 13,
      "pitch" : "41.205"
    },
    {
      "iteration" : 14,
      "pitch" : "41.137"
    },
    {
      "iteration" : 15,
      "pitch" : "41.163"
    },
    {
      "iteration" : 16,
      "pitch" : "41.200"
    },
    {
      "iteration" : 17,
      "pitch" : "41.176"
    },
    {
      "iteration" : 18,
      "pitch" : "41.143"
    },
    {
      "iteration" : 19,
      "pitch" : "41.131"
    },
    {
      "iteration" : 20,
      "pitch" : "82.422"
    },
    {
      "iteration" : 21,
      "pitch" : "41.195"
    },
    {
      "iteration" : 22,
      "pitch" : "41.168"
    },
    {
      "iteration" : 23,
      "pitch" : "41.189"
    },
    {
      "iteration" : 24,
      "pitch" : "41.166"
    },
    {
      "iteration" : 25,
      "pitch" : "41.169"
    }
  ]
}