{
  "entries" : [
    {
      "iteration" : 0
    },
    {
      "iteration" : 1
    },
    {
      "iteration" : 2,
      "pitch" : "312.241"
    },
    {
      "iteration" : 3,
      "pitch" : "312.005"
    },
    {
      "iteration" : 4,
      "pitch" : "311.695"
    },
    {
      "iteration" : 5,
      "pitch" : "311.913"
    },
    {
      "iteration" : 6,
      "pitch" : "311.952"
    },
    {
      "iteration" : 7,
      "pitch" : "311.940"
    },
    {
      "iteration" : 8,
      "pitch" : "311.898"
    },
    {
      "iteration" : 9,
      "pitch" : "311.971"
    },
    {
      "iteration" : 10
    },
    {
      "iteration" : 11
    },
    {
      "iteration" : 12
    },
    {
      "iteration" : 13
    },
    {
      "iteration" : 14
    },
    {
      "iteration" : 15
    },
    {
      "iteration" : 16
    },
    {
      "iteration" : 17
    },
    {
      "iteration" : 18
    },
    {
      "iteration" : 19
    },
    {
      "iteration" : 20
    },
    {
      "iteration" : 21
    },
    {
      "iteration" : 22
    },
    {
      "iteration" : 23
    },
    {
      "iteration" : 24
    },
    {
      "iteration" : 25
    }
  ]
}