{
  "entries" : [
    {
      "iteration" : 0
    },
    {
      "iteration" : 1,
      "pitch" : "94.630"
    },
    {
      "iteration" : 2,
      "pitch" : "34.590"
    },
    {
      "iteration" : 3,
      "pitch" : "34.640"
    },
    {
      "iteration" : 4,
      "pitch" : "34.667"
    },
    {
      "iteration" : 5,
      "pitch" : "34.634"
    },
    {
      "iteration" : 6,
      "pitch" : "34.640"
    },
    {
      "iteration" : 7,
      "pitch" : "34.555"
    },
    {
      "iteration" : 8,
      "pitch" : "34.637"
    },
    {
      "iteration" : 9,
      "pitch" : "34.682"
    },
    {
      "iteration" : 10,
      "pitch" : "34.687"
    },
    {
      "iteration" : 11,
      "pitch" : "34.628"
    },
    {
      "iteration" : 12,
      "pitch" : "34.690"
    },
    {
      "iteration" : 13,
      "pitch" : "34.649"
    },
    {
      "iteration" : 14,
      "pitch" : "34.612"
    },
    {
      "iteration" : 15,
      "pitch" : "34.651"
    },
    {
      "iteration" : 16,
      "pitch" : "34.689"
    },
    {
      "iteration" : 17,
      "pitch" : "34.663"
    },
    {
      "iteration" : 18,
      "pitch" : "34.646"
    },
    {
      "iteration" : 19,
      "pitch" : "34.657"
    },
    {
      "iteration" : 20,
      "pitch" : "34.677"
    },
    {
      "iteration" : 21,
      "pitch" : "34.650"
    },
    {
      "iteration" : 22,
      "pitch" : "34.660"
    },
    {
      "iteration" : 23,
      "pitch" : "34.665"
    },
    {
      "iteration" : 24,
      "pitch" : "34.591"
    },
    {
      "iteration" : 25,
      "pitch" : "34.666"
    }
  ]
}