{
  "entries" : [
    {
      "iteration" : 0
    },
    {
      "iteration" : 1
    },
    {
      "iteration" : 2,
      "pitch" : "69.380"
    },
    {
      "iteration" : 3,
      "pitch" : "69.230"
    },
    {
      "iteration" : 4,
      "pitch" : "69.328"
    },
    {
      "iteration" : 5,
      "pitch" : "69.209"
    },
    {
      "iteration" : 6,
      "pitch" : "69.385"
    },
    {
      "iteration" : 7,
      "pitch" : "69.386"
    },
    {
      "iteration" : 8,
      "pitch" : "69.317"
    },
    {
      "iteration" : 9,
      "pitch" : "69.389"
    },
    {
      "iteration" : 10,
      "pitch" : "69.404"
    },
    {
      "iteration" : 11,
      "pitch" : "69.380"
    },
    {
      "iteration" : 12,
      "pitch" : "69.425"
    },
    {
      "iteration" : 13,
      "pitch" : "69.393"
    },
    {
      "iteration" : 14,
      "pitch" : "69.381"
    },
    {
      "iteration" : 15,
      "pitch" : "69.382"
    },
    {
      "iteration" : 16,
      "pitch" : "69.301"
    },
    {
      "iteration" : 17,
      "pitch" : "69.394"
    },
    {
      "iteration" : 18,
      "pitch" : "69.305"
    },
    {
      "iteration" : 19
    },
    {
      "iteration" : 20
    },
    {
      "iteration" : 21
    },
    {
      "iteration" : 22
    },
    {
      "iteration" : 23
    },
    {
      "iteration" : 24
    },
    {
      "iteration" : 25
    }
  ]
}