{
  "entries" : [
    {
      "iteration" : 0
    },
    {
      "iteration" : 1
    },
    {
      "iteration" : 2,
      "pitch" : "54.907"
    },
    {
      "iteration" : 3,
      "pitch" : "55.014"
    },
    {
      "iteration" : 4,
      "pitch" : "55.047"
    },
    {
      "iteration" : 5,
      "pitch" : "55.011"
    },
    {
      "iteration" : 6,
      "pitch" : "55.002"
    },
    {
      "iteration" : 7,
      "pitch" : "54.940"
    },
    {
      "iteration" : 8,
      "pitch" : "55.012"
    },
    {
      "iteration" : 9,
      "pitch" : "55.004"
    },
    {
      "iteration" : 10,
      "pitch" : "55.009"
    },
    {
      "iteration" : 11,
      "pitch" : "55.027"
    },
    {
      "iteration" : 12,
      "pitch" : "54.980"
    },
    {
      "iteration" : 13,
      "pitch" : "54.980"
    },
    {
      "iteration" : 14,
      "pitch" : "54.968"
    },
    {
      "iteration" : 15,
      "pitch" : "54.931"
    },
    {
      "iteration" : 16,
      "pitch" : "55.002"
    },
    {
      "iteration" : 17,
      "pitch" : "54.977"
    },
    {
      "iteration" : 18,
      "pitch" : "54.967"
    },
    {
      "iteration" : 19,
      "pitch" : "55.011"
    },
    {
      "iteration" : 20,
      "pitch" : "54.945"
    },
    {
      "iteration" : 21,
      "pitch" : "54.823"
    },
    {
      "iteration" : 22,
      "pitch" : "54.989"
    },
    {
      "iteration" : 23
    },
    {
      "iteration" : 24
    },
    {
      "iteration" : 25
    }
  ]
}