{
  "entries" : [
    {
      "iteration" : 0
    },
    {
      "iteration" : 1
    },
    {
      "iteration" : 2,
      "pitch" : "103.899"
    },
    {
      "iteration" : 3,
      "pitch" : "104.074"
    },
    {
      "iteration" : 4,
      "pitch" : "103.955"
    },
    {
      "iteration" : 5,
      "pitch" : "103.876"
    },
    {
      "iteration" : 6,
      "pitch" : "104.032"
    },
    {
      "iteration" : 7,
      "pitch" : "103.985"
    },
    {
      "iteration" : 8,
      "pitch" : "103.931"
    },
    {
      "iteration" : 9,
      "pitch" : "103.877"
    },
    {
      "iteration" : 10,
      "pitch" : "103.859"
    },
    {
      "iteration" : 11,
      "pitch" : "103.905"
    },
    {
      "iteration" : 12,
      "pitch" : "104.006"
    },
    {
      "iteration" : 13,
      "pitch" : "103.864"
    },
    {
      "iteration" : 14
    },
    {
      "iteration" : 15
    },
    {
      "iteration" : 16
    },
    {
      "iteration" : 17
    },
    {
      "iteration" : 18
    },
    {
      "iteration" : 19
    },
    {
      "iteration" : 20
    },
    {
      "iteration" : 21
    },
    {
      "iteration" : 22
    },
    {
      "iteration" : 23
    },
    {
      "iteration" : 24
    },
    {
      "iteration" : 25
    }
  ]
}