{
  "entries" : [
    {
      "iteration" : 0
    },
    {
      "iteration" : 1,
      "pitch" : "244.645"
    },
    {
      "iteration" : 2,
      "pitch" : "123.790"
    },
    {
      "iteration" : 3,
      "pitch" : "123.565"
    },
    {
      "iteration" : 4,
      "pitch" : "123.740"
    },
    {
      "iteration" : 5,
      "pitch" : "123.659"
    },
    {
      "iteration" : 6,
      "pitch" : "123.682"
    },
    {
      "iteration" : 7,
      "pitch" : "123.560"
    },
    {
      "iteration" : 8,
      "pitch" : "123.761"
    },
    {
      "iteration" : 9,
      "pitch" : "123.250"
    },
    {
      "iteration" : 10,
      "pitch" : "123.662"
    },
    {
      "iteration" : 11,
      "pitch" : "123.598"
    },
    {
      "iteration" : 12,
      "pitch" : "123.692"
    },
    {
      "iteration" : 13,
      "pitch" : "123.533"
    },
    {
      "iteration" : 14,
      "pitch" : "123.538"
    },
    {
      "iteration" : 15,
      "pitch" : "123.517"
    },
    {
      "iteration" : 16,
      "pitch" : "123.486"
    },
    {
      "iteration" : 17,
      "pitch" : "123.459"
    },
    {
      "iteration" : 18,
      "pitch" : "123.489"
    },
    {
      "iteration" : 19
    },
    {
      "iteration" : 20
    },
    {
      "iteration" : 21
    },
    {
      "iteration" : 22
    },
    {
      "iteration" : 23
    },
    {
      "iteration" : 24
    },
    {
      "iteration" : 25
    }
  ]
}