{
  "entries" : [
    {
      "iteration" : 0
    },
    {
      "iteration" : 1
    },
    {
      "iteration" : 2,
      "pitch" : "278.272"
    },
    {
      "iteration" : 3,
      "pitch" : "278.027"
    },
    {
      "iteration" : 4,
      "pitch" : "277.938"
    },
    {
      "iteration" : 5,
      "pitch" : "277.929"
    },
    {
      "iteration" : 6,
      "pitch" : "277.653"
    },
    {
      "iteration" : 7,
      "pitch" : "277.888"
    },
    {
      "iteration" : 8,
      "pitch" : "277.911"
    },
    {
      "iteration" : 9,
      "pitch" : "277.917"
    },
    {
      "iteration" : 10,
      "pitch" : "277.889"
    },
    {
      "iteration" : 11,
      "pitch" : "277.899"
    },
    {
      "iteration" : 12,
      "pitch" : "277.791"
    },
    {
      "iteration" : 13,
      "pitch" : "277.907"
    },
    {
      "iteration" : 14,
      "pitch" : "277.848"
    },
    {
      "iteration" : 15
    },
    {
      "iteration" : 16
    },
    {
      "iteration" : 17
    },
    {
      "iteration" : 18
    },
    {
      "iteration" : 19
    },
    {
      "iteration" : 20
    },
    {
      "iteration" : 21
    },
    {
      "iteration" : 22
    },
    {
      "iteration" : 23
    },
    {
      "iteration" : 24
    },
    {
      "iteration" : 25
    }
  ]
}