{
  "entries" : [
    {
      "iteration" : 0
    },
    {
      "iteration" : 1
    },
    {
      "iteration" : 2,
      "pitch" : "43.607"
    },
    {
      "iteration" : 3,
      "pitch" : "43.627"
    },
    {
      "iteration" : 4,
      "pitch" : "43.632"
    },
    {
      "iteration" : 5,
      "pitch" : "43.611"
    },
    {
      "iteration" : 6,
      "pitch" : "43.642"
    },
    {
      "iteration" : 7,
      "pitch" : "43.638"
    },
    {
      "iteration" : 8,
      "pitch" : "43.619"
    },
    {
      "iteration" : 9,
      "pitch" : "43.632"
    },
    {
      "iteration" : 10,
      "pitch" : "43.640"
    },
    {
      "iteration" : 11,
      "pitch" : "43.622"
    },
    {
      "iteration" : 12,
      "pitch" : "43.611"
    },
    {
      "iteration" : 13,
      "pitch" : "43.607"
    },
    {
      "iteration" : 14,
      "pitch" : "43.640"
    },
    {
      "iteration" : 15,
      "pitch" : "43.633"
    },
    {
      "iteration" : 16,
      "pitch" : "43.634"
    },
    {
      "iteration" : 17,
      "pitch" : "43.630"
    },
    {
      "iteration" : 18,
      "pitch" : "43.611"
    },
    {
      "iteration" : 19,
      "pitch" : "43.622"
    },
    {
      "iteration" : 20,
      "pitch" : "43.621"
    },
    {
      "iteration" : 21,
      "pitch" : "43.618"
    },
    {
      "iteration" : 22,
      "pitch" : "43.624"
    },
    {
      "iteration" : 23,
      "pitch" : "43.593"
    },
    {
      "iteration" : 24,
      "pitch" : "43.579"
    },
    {
      "iteration" : 25,
      "pitch" : "43.572"
    }
  ]
}