{
  "entries" : [
    {
      "iteration" : 0
    },
    {
      "iteration" : 1,
      "pitch" : "164.553"
    },
    {
      "iteration" : 2,
      "pitch" : "165.218"
    },
    {
      "iteration" : 3,
      "pitch" : "165.066"
    },
    {
      "iteration" : 4,
      "pitch" : "165.135"
    },
    {
      "iteration" : 5,
      "pitch" : "165.057"
    },
    {
      "iteration" : 6,
      "pitch" : "165.171"
    },
    {
      "iteration" : 7,
      "pitch" : "165.207"
    },
    {
      "iteration" : 8,
      "pitch" : "164.990"
    },
    {
      "iteration" : 9,
      "pitch" : "165.173"
    },
    {
      "iteration" : 10,
      "pitch" : "165.101"
    },
    {
      "iteration" : 11,
      "pitch" : "165.230"
    },
    {
      "iteration" : 12,
      "pitch" : "165.087"
    },
    {
      "iteration" : 13,
      "pitch" : "165.098"
    },
    {
      "iteration" : 14,
      "pitch" : "165.086"
    },
    {
      "iteration" : 15,
      "pitch" : "164.867"
    },
    {
      "iteration" : 16,
      "pitch" : "165.012"
    },
    {
      "iteration" : 17,
      "pitch" : "164.830"
    },
    {
      "iteration" : 18,
      "pitch" : "165.037"
    },
    {
      "iteration" : 19,
      "pitch" : "165.037"
    },
    {
      "iteration" : 20,
      "pitch" : "165.206"
    },
    {
      "iteration" : 21,
      "pitch" : "165.227"
    },
    {
      "iteration" : 22,
      "pitch" : "164.877"
    },
    {
      "iteration" : 23
    },
    {
      "iteration" : 24
    },
    {
      "iteration" : 25
    }
  ]
}