{
  "entries" : [
    {
      "iteration" : 0
    },
    {
      "iteration" : 1
    },
    {
      "iteration" : 2,
      "pitch" : "48.998"
    },
    {
      "iteration" : 3,
      "pitch" : "48.998"
    },
    {
      "iteration" : 4,
      "pitch" : "49.076"
    },
    {
      "iteration" : 5,
      "pitch" : "48.984"
    },
    {
      "iteration" : 6,
      "pitch" : "49.051"
    },
    {
      "iteration" : 7,
      "pitch" : "48.958"
    },
    {
      "iteration" : 8,
      "pitch" : "49.034"
    },
    {
      "iteration" : 9,
      "pitch" : "48.980"
    },
    {
      "iteration" : 10,
      "pitch" : "48.873"
    },
    {
      "iteration" : 11,
      "pitch" : "49.028"
    },
    {
      "iteration" : 12,
      "pitch" : "49.008"
    },
    {
      "iteration" : 13,
      "pitch" : "48.936"
    },
    {
      "iteration" : 14,
      "pitch" : "48.984"
    },
    {
      "iteration" : 15,
      "pitch" : "49.012"
    },
    {
      "iteration" : 16,
      "pitch" : "49.014"
    },
    {
      "iteration" : 17,
      "pitch" : "48.988"
    },
    {
      "iteration" : 18,
      "pitch" : "48.978"
    },
    {
      "iteration" : 19,
      "pitch" : "49.017"
    },
    {
      "iteration" : 20,
      "pitch" : "49.000"
    },
    {
      "iteration" : 21,
      "pitch" : "49.027"
    },
    {
      "iteration" : 22,
      "pitch" : "48.992"
    },
    {
      "iteration" : 23,
      "pitch" : "49.011"
    },
    {
      "iteration" : 24
    },
    {
      "iteration" : 25
    }
  ]
}