{
  "entries" : [
    {
      "iteration" : 0
    },
    {
      "iteration" : 1,
      "pitch" : "1994.835"
    },
    {
      "iteration" : 2,
      "pitch" : "330.474"
    },
    {
      "iteration" : 3,
      "pitch" : "330.607"
    },
    {
      "iteration" : 4,
      "pitch" : "330.558"
    },
    {
      "iteration" : 5,
      "pitch" : "330.481"
    },
    {
      "iteration" : 6,
      "pitch" : "330.350"
    },
    {
      "iteration" : 7,
      "pitch" : "330.408"
    },
    {
      "iteration" : 8,
      "pitch" : "330.541"
    },
    {
      "iteration" : 9
    },
    {
      "iteration" : 10
    },
    {
      "iteration" : 11
    },
    {
      "iteration" : 12
    },
    {
      "iteration" : 13
    },
    {
      "iteration" : 14
    },
    {
      "iteration" : 15
    },
    {
      "iteration" : 16
    },
    {
      "iteration" : 17
    },
    {
      "iteration" : 18
    },
    {
      "iteration" : 19
    },
    {
      "iteration" : 20
    },
    {
      "iteration" : 21
    },
    {
      "iteration" : 22
    },
    {
      "iteration" : 23
    },
    {
      "iteration" : 24
    },
    {
      "iteration" : 25
    }
  ]
}