{
  "entries" : [
    {
      "iteration" : 0
    },
    {
      "iteration" : 1,
      "pitch" : "439.236"
    },
    {
      "iteration" : 2,
      "pitch" : "441.454"
    },
    {
      "iteration" : 3,
      "pitch" : "441.662"
    },
    {
      "iteration" : 4,
      "pitch" : "441.152"
    },
    {
      "iteration" : 5,
      "pitch" : "441.010"
    },
    {
      "iteration" : 6,
      "pitch" : "440.953"
    },
    {
      "iteration" : 7,
      "pitch" : "440.938"
    },
    {
      "iteration" : 8,
      "pitch" : "440.667"
    },
    {
      "iteration" : 9,
      "pitch" : "440.724"
    },
    {
      "iteration" : 10,
      "pitch" : "440.735"
    },
    {
      "iteration" : 11
    },
    {
      "iteration" : 12
    },
    {
      "iteration" : 13
    },
    {
      "iteration" : 14
    },
    {
      "iteration" : 15
    },
    {
      "iteration" : 16
    },
    {
      "iteration" : 17
    },
    {
      "iteration" : 18
    },
    {
      "iteration" : 19
    },
    {
      "iteration" : 20
    },
    {
      "iteration" : 21
    },
    {
      "iteration" : 22
    },
    {
      "iteration" : 23
    },
    {
      "iteration" : 24
    },
    {
      "iteration" : 25
    }
  ]
}