{
  "entries" : [
    {
      "iteration" : 0
    },
    {
      "iteration" : 1,
      "pitch" : "141.818"
    },
    {
      "iteration" : 2,
      "pitch" : "138.926"
    },
    {
      "iteration" : 3,
      "pitch" : "138.818"
    },
    {
      "iteration" : 4,
      "pitch" : "138.761"
    },
    {
      "iteration" : 5,
      "pitch" : "138.703"
    },
    {
      "iteration" : 6,
      "pitch" : "138.929"
    },
    {
      "iteration" : 7,
      "pitch" : "138.910"
    },
    {
      "iteration" : 8,
      "pitch" : "138.699"
    },
    {
      "iteration" : 9,
      "pitch" : "138.694"
    },
    {
      "iteration" : 10,
      "pitch" : "138.848"
    },
    {
      "iteration" : 11,
      "pitch" : "138.972"
    },
    {
      "iteration" : 12,
      "pitch" : "138.332"
    },
    {
      "iteration" : 13,
      "pitch" : "45.778"
    },
    {
      "iteration" : 14,
      "pitch" : "138.614"
    },
    {
      "iteration" : 15,
      "pitch" : "138.765"
    },
    {
      "iteration" : 16,
      "pitch" : "138.634"
    },
    {
      "iteration" : 17,
      "pitch" : "138.685"
    },
    {
      "iteration" : 18,
      "pitch" : "138.946"
    },
    {
      "iteration" : 19
    },
    {
      "iteration" : 20
    },
    {
      "iteration" : 21
    },
    {
      "iteration" : 22
    },
    {
      "iteration" : 23
    },
    {
      "iteration" : 24
    },
    {
      "iteration" : 25
    }
  ]
}