{
  "entries" : [
    {
      "iteration" : 0
    },
    {
      "iteration" : 1
    },
    {
      "iteration" : 2,
      "pitch" : "58.262"
    },
    {
      "iteration" : 3,
      "pitch" : "58.192"
    },
    {
      "iteration" : 4,
      "pitch" : "58.300"
    },
    {
      "iteration" : 5,
      "pitch" : "58.268"
    },
    {
      "iteration" : 6,
      "pitch" : "58.343"
    },
    {
      "iteration" : 7,
      "pitch" : "58.213"
    },
    {
      "iteration" : 8,
      "pitch" : "58.157"
    },
    {
      "iteration" : 9,
      "pitch" : "58.238"
    },
    {
      "iteration" : 10,
      "pitch" : "58.280"
    },
    {
      "iteration" : 11,
      "pitch" : "58.248"
    },
    {
      "iteration" : 12,
      "pitch" : "58.166"
    },
    {
      "iteration" : 13,
      "pitch" : "58.210"
    },
    {
      "iteration" : 14,
      "pitch" : "58.306"
    },
    {
      "iteration" : 15,
      "pitch" : "58.225"
    },
    {
      "iteration" : 16,
      "pitch" : "58.085"
    },
    {
      "iteration" : 17,
      "pitch" : "58.232"
    },
    {
      "iteration" : 18,
      "pitch" : "58.327"
    },
    {
      "iteration" : 19,
      "pitch" : "58.228"
    },
    {
      "iteration" : 20
    },
    {
      "iteration" : 21
    },
    {
      "iteration" : 22
    },
    {
      "iteration" : 23
    },
    {
      "iteration" : 24
    },
    {
      "iteration" : 25
    }
  ]
}