{
  "entries" : [
    {
      "iteration" : 0
    },
    {
      "iteration" : 1
    },
    {
      "iteration" : 2,
      "pitch" : "92.679"
    },
    {
      "iteration" : 3,
      "pitch" : "92.550"
    },
    {
      "iteration" : 4,
      "pitch" : "92.493"
    },
    {
      "iteration" : 5,
      "pitch" : "92.593"
    },
    {
      "iteration" : 6,
      "pitch" : "92.493"
    },
    {
      "iteration" : 7,
      "pitch" : "92.436"
    },
    {
      "iteration" : 8,
      "pitch" : "92.496"
    },
    {
      "iteration" : 9,
      "pitch" : "92.510"
    },
    {
      "iteration" : 10,
      "pitch" : "92.464"
    },
    {
      "iteration" : 11,
      "pitch" : "92.474"
    },
    {
      "iteration" : 12,
      "pitch" : "92.486"
    },
    {
      "iteration" : 13,
      "pitch" : "92.454"
    },
    {
      "iteration" : 14,
      "pitch" : "92.454"
    },
    {
      "iteration" : 15,
      "pitch" : "92.497"
    },
    {
      "iteration" : 16,
      "pitch" : "92.485"
    },
    {
      "iteration" : 17,
      "pitch" : "92.580"
    },
    {
      "iteration" : 18,
      "pitch" : "92.483"
    },
    {
      "iteration" : 19,
      "pitch" : "92.590"
    },
    {
      "iteration" : 20,
      "pitch" : "92.565"
    },
    {
      "iteration" : 21,
      "pitch" : "92.432"
    },
    {
      "iteration" : 22,
      "pitch" : "92.521"
    },
    {
      "iteration" : 23,
      "pitch" : "92.419"
    },
    {
      "iteration" : 24,
      "pitch" : "92.203"
    },
    {
      "iteration" : 25
    }
  ]
}