{
  "entries" : [
    {
      "iteration" : 0
    },
    {
      "iteration" : 1,
      "pitch" : "390.013"
    },
    {
      "iteration" : 2,
      "pitch" : "392.839"
    },
    {
      "iteration" : 3,
      "pitch" : "393.491"
    },
    {
      "iteration" : 4,
      "pitch" : "392.819"
    },
    {
      "iteration" : 5,
      "pitch" : "392.387"
    },
    {
      "iteration" : 6,
      "pitch" : "392.842"
    },
    {
      "iteration" : 7,
      "pitch" : "392.868"
    },
    {
      "iteration" : 8,
      "pitch" : "393.051"
    },
    {
      "iteration" : 9,
      "pitch" : "392.707"
    },
    {
      "iteration" : 10,
      "pitch" : "392.634"
    },
    {
      "iteration" : 11,
      "pitch" : "392.268"
    },
    {
      "iteration" : 12,
      "pitch" : "392.742"
    },
    {
      "iteration" : 13
    },
    {
      "iteration" : 14
    },
    {
      "iteration" : 15
    },
    {
      "iteration" : 16
    },
    {
      "iteration" : 17
    },
    {
      "iteration" : 18
    },
    {
      "iteration" : 19
    },
    {
      "iteration" : 20
    },
    {
      "iteration" : 21
    },
    {
      "iteration" : 22
    },
    {
      "iteration" : 23
    },
    {
      "iteration" : 24
    },
    {
      "iteration" : 25
    }
  ]
}