{
  "entries" : [
    {
      "iteration" : 0
    },
    {
      "iteration" : 1
    },
    {
      "iteration" : 2,
      "pitch" : "147.017"
    },
    {
      "iteration" : 3,
      "pitch" : "146.978"
    },
    {
      "iteration" : 4,
      "pitch" : "147.165"
    },
    {
      "iteration" : 5,
      "pitch" : "147.172"
    },
    {
      "iteration" : 6,
      "pitch" : "146.982"
    },
    {
      "iteration" : 7,
      "pitch" : "146.937"
    },
    {
      "iteration" : 8,
      "pitch" : "146.933"
    },
    {
      "iteration" : 9,
      "pitch" : "147.114"
    },
    {
      "iteration" : 10,
      "pitch" : "147.093"
    },
    {
      "iteration" : 11,
      "pitch" : "147.172"
    },
    {
      "iteration" : 12,
      "pitch" : "146.840"
    },
    {
      "iteration" : 13,
      "pitch" : "147.027"
    },
    {
      "iteration" : 14,
      "pitch" : "147.006"
    },
    {
      "iteration" : 15,
      "pitch" : "146.890"
    },
    {
      "iteration" : 16
    },
    {
      "iteration" : 17
    },
    {
      "iteration" : 18
    },
    {
      "iteration" : 19
    },
    {
      "iteration" : 20
    },
    {
      "iteration" : 21
    },
    {
      "iteration" : 22
    },
    {
      "iteration" : 23
    },
    {
      "iteration" : 24
    },
    {
      "iteration" : 25
    }
  ]
}