{
  "entries" : [
    {
      "iteration" : 0
    },
    {
      "iteration" : 1,
      "pitch" : "93.052"
    },
    {
      "iteration" : 2,
      "pitch" : "98.095"
    },
    {
      "iteration" : 3,
      "pitch" : "97.688"
    },
    {
      "iteration" : 4,
      "pitch" : "98.080"
    },
    {
      "iteration" : 5,
      "pitch" : "98.070"
    },
    {
      "iteration" : 6,
      "pitch" : "98.102"
    },
    {
      "iteration" : 7,
      "pitch" : "98.101"
    },
    {
      "iteration" : 8,
      "pitch" : "98.144"
    },
    {
      "iteration" : 9,
      "pitch" : "98.130"
    },
    {
      "iteration" : 10,
      "pitch" : "98.136"
    },
    {
      "iteration" : 11,
      "pitch" : "98.132"
    },
    {
      "iteration" : 12,
      "pitch" : "98.125"
    },
    {
      "iteration" : 13,
      "pitch" : "98.154"
    },
    {
      "iteration" : 14,
      "pitch" : "98.136"
    },
    {
      "iteration" : 15
    },
    {
      "iteration" : 16
    },
    {
      "iteration" : 17
    },
    {
      "iteration" : 18
    },
    {
      "iteration" : 19
    },
    {
      "iteration" : 20
    },
    {
      "iteration" : 21
    },
    {
      "iteration" : 22
    },
    {
      "iteration" : 23
    },
    {
      "iteration" : 24
    },
    {
      "iteration" : 25
    }
  ]
}