{
  "entries" : [
    {
      "iteration" : 0
    },
    {
      "iteration" : 1,
      "pitch" : "183.387"
    },
    {
      "iteration" : 2,
      "pitch" : "185.305"
    },
    {
      "iteration" : 3,
      "pitch" : "185.378"
    },
    {
      "iteration" : 4,
      "pitch" : "185.345"
    },
    {
      "iteration" : 5,
      "pitch" : "185.257"
    },
    {
      "iteration" : 6,
      "pitch" : "184.545"
    },
    {
      "iteration" : 7,
      "pitch" : "185.408"
    },
    {
      "iteration" : 8,
      "pitch" : "185.357"
    },
    {
      "iteration" : 9,
      "pitch" : "185.255"
    },
    {
      "iteration" : 10,
      "pitch" : "185.363"
    },
    {
      "iteration" : 11,
      "pitch" : "185.348"
    },
    {
      "iteration" : 12,
      "pitch" : "185.252"
    },
    {
      "iteration" : 13,
      "pitch" : "185.289"
    },
    {
      "iteration" : 14,
      "pitch" : "185.434"
    },
    {
      "iteration" : 15,
      "pitch" : "185.245"
    },
    {
      "iteration" : 16,
      "pitch" : "185.287"
    },
    {
      "iteration" : 17,
      "pitch" : "185.436"
    },
    {
      "iteration" : 18,
      "pitch" : "185.413"
    },
    {
      "iteration" : 19,
      "pitch" : "185.415"
    },
    {
      "iteration" : 20,
      "pitch" : "185.360"
    },
    {
      "iteration" : 21,
      "pitch" : "185.181"
    },
    {
      "iteration" : 22
    },
    {
      "iteration" : 23
    },
    {
      "iteration" : 24
    },
    {
      "iteration" : 25
    }
  ]
}