{
  "entries" : [
    {
      "iteration" : 0
    },
    {
      "iteration" : 1
    },
    {
      "iteration" : 2,
      "pitch" : "36.637"
    },
    {
      "iteration" : 3,
      "pitch" : "36.707"
    },
    {
      "iteration" : 4,
      "pitch" : "36.697"
    },
    {
      "iteration" : 5,
      "pitch" : "36.649"
    },
    {
      "iteration" : 6,
      "pitch" : "36.715"
    },
    {
      "iteration" : 7,
      "pitch" : "36.710"
    },
    {
      "iteration" : 8,
      "pitch" : "36.682"
    },
    {
      "iteration" : 9,
      "pitch" : "36.673"
    },
    {
      "iteration" : 10,
      "pitch" : "36.719"
    },
    {
      "iteration" : 11,
      "pitch" : "36.726"
    },
    {
      "iteration" : 12,
      "pitch" : "36.711"
    },
    {
      "iteration" : 13,
      "pitch" : "36.715"
    },
    {
      "iteration" : 14,
      "pitch" : "36.699"
    },
    {
      "iteration" : 15,
      "pitch" : "36.720"
    },
    {
      "iteration" : 16,
      "pitch" : "36.728"
    },
    {
      "iteration" : 17,
      "pitch" : "36.695"
    },
    {
      "iteration" : 18,
      "pitch" : "36.735"
    },
    {
      "iteration" : 19,
      "pitch" : "36.752"
    },
    {
      "iteration" : 20,
      "pitch" : "36.732"
    },
    {
      "iteration" : 21,
      "pitch" : "36.710"
    },
    {
      "iteration" : 22,
      "pitch" : "36.676"
    },
    {
      "iteration" : 23,
      "pitch" : "36.699"
    },
    {
      "iteration" : 24,
      "pitch" : "36.725"
    },
    {
      "iteration" : 25,
      "pitch" : "36.684"
    }
  ]
}