{
  "entries" : [
    {
      "iteration" : 0
    },
    {
      "iteration" : 1
    },
    {
      "iteration" : 2,
      "pitch" : "38.759"
    },
    {
      "iteration" : 3,
      "pitch" : "38.833"
    },
    {
      "iteration" : 4,
      "pitch" : "38.901"
    },
    {
      "iteration" : 5,
      "pitch" : "38.861"
    },
    {
      "iteration" : 6,
      "pitch" : "38.888"
    },
    {
      "iteration" : 7,
      "pitch" : "38.861"
    },
    {
      "iteration" : 8,
      "pitch" : "38.868"
    },
    {
      "iteration" : 9,
      "pitch" : "38.865"
    },
    {
      "iteration" : 10,
      "pitch" : "38.830"
    },
    {
      "iteration" : 11,
      "pitch" : "38.838"
    },
    {
      "iteration" : 12,
      "pitch" : "38.872"
    },
    {
      "iteration" : 13,
      "pitch" : "38.867"
    },
    {
      "iteration" : 14,
      "pitch" : "38.853"
    },
    {
      "iteration" : 15,
      "pitch" : "38.823"
    },
    {
      "iteration" : 16,
      "pitch" : "38.822"
    },
    {
      "iteration" : 17,
      "pitch" : "77.769"
    },
    {
      "iteration" : 18,
      "pitch" : "38.864"
    },
    {
      "iteration" : 19,
      "pitch" : "38.880"
    },
    {
      "iteration" : 20,
      "pitch" : "38.859"
    },
    {
      "iteration" : 21,
      "pitch" : "38.882"
    },
    {
      "iteration" : 22,
      "pitch" : "38.810"
    },
    {
      "iteration" : 23,
      "pitch" : "38.815"
    },
    {
      "iteration" : 24,
      "pitch" : "77.704"
    },
    {
      "iteration" : 25,
      "pitch" : "38.821"
    }
  ]
}