{
  "entries" : [
    {
      "iteration" : 0
    },
    {
      "iteration" : 1,
      "pitch" : "239.552"
    },
    {
      "iteration" : 2,
      "pitch" : "246.299"
    },
    {
      "iteration" : 3,
      "pitch" : "246.751"
    },
    {
      "iteration" : 4,
      "pitch" : "246.613"
    },
    {
      "iteration" : 5,
      "pitch" : "246.636"
    },
    {
      "iteration" : 6,
      "pitch" : "246.195"
    },
    {
      "iteration" : 7,
      "pitch" : "247.248"
    },
    {
      "iteration" : 8,
      "pitch" : "247.456"
    },
    {
      "iteration" : 9,
      "pitch" : "247.563"
    },
    {
      "iteration" : 10,
      "pitch" : "246.221"
    },
    {
      "iteration" : 11,
      "pitch" : "246.198"
    },
    {
      "iteration" : 12,
      "pitch" : "246.242"
    },
    {
      "iteration" : 13,
      "pitch" : "247.545"
    },
    {
      "iteration" : 14,
      "pitch" : "247.569"
    },
    {
      "iteration" : 15
    },
    {
      "iteration" : 16
    },
    {
      "iteration" : 17
    },
    {
      "iteration" : 18
    },
    {
      "iteration" : 19
    },
    {
      "iteration" : 20
    },
    {
      "iteration" : 21
    },
    {
      "iteration" : 22
    },
    {
      "iteration" : 23
    },
    {
      "iteration" : 24
    },
    {
      "iteration" : 25
    }
  ]
}