{
  "entries" : [
    {
      "iteration" : 0
    },
    {
      "iteration" : 1,
      "pitch" : "263.111"
    },
    {
      "iteration" : 2,
      "pitch" : "262.571"
    },
    {
      "iteration" : 3,
      "pitch" : "261.115"
    },
    {
      "iteration" : 4,
      "pitch" : "262.412"
    },
    {
      "iteration" : 5,
      "pitch" : "261.173"
    },
    {
      "iteration" : 6,
      "pitch" : "262.163"
    },
    {
      "iteration" : 7,
      "pitch" : "262.427"
    },
    {
      "iteration" : 8,
      "pitch" : "262.186"
    },
    {
      "iteration" : 9,
      "pitch" : "261.180"
    },
    {
      "iteration" : 10,
      "pitch" : "261.121"
    },
    {
      "iteration" : 11,
      "pitch" : "262.207"
    },
    {
      "iteration" : 12,
      "pitch" : "262.312"
    },
    {
      "iteration" : 13,
      "pitch" : "262.164"
    },
    {
      "iteration" : 14
    },
    {
      "iteration" : 15
    },
    {
      "iteration" : 16
    },
    {
      "iteration" : 17
    },
    {
      "iteration" : 18
    },
    {
      "iteration" : 19
    },
    {
      "iteration" : 20
    },
    {
      "iteration" : 21
    },
    {
      "iteration" : 22
    },
    {
      "iteration" : 23
    },
    {
      "iteration" : 24
    },
    {
      "iteration" : 25
    }
  ]
}