{
  "entries" : [
    {
      "iteration" : 0
    },
    {
      "iteration" : 1,
      "pitch" : "220.336"
    },
    {
      "iteration" : 2,
      "pitch" : "219.428"
    },
    {
      "iteration" : 3,
      "pitch" : "220.567"
    },
    {
      "iteration" : 4,
      "pitch" : "220.159"
    },
    {
      "iteration" : 5,
      "pitch" : "220.336"
    },
    {
      "iteration" : 6,
      "pitch" : "220.518"
    },
    {
      "iteration" : 7,
      "pitch" : "220.505"
    },
    {
      "iteration" : 8,
      "pitch" : "220.672"
    },
    {
      "iteration" : 9,
      "pitch" : "220.148"
    },
    {
      "iteration" : 10,
      "pitch" : "220.131"
    },
    {
      "iteration" : 11,
      "pitch" : "220.443"
    },
    {
      "iteration" : 12,
      "pitch" : "220.205"
    },
    {
      "iteration" : 13
    },
    {
      "iteration" : 14
    },
    {
      "iteration" : 15
    },
    {
      "iteration" : 16
    },
    {
      "iteration" : 17
    },
    {
      "iteration" : 18
    },
    {
      "iteration" : 19
    },
    {
      "iteration" : 20
    },
    {
      "iteration" : 21
    },
    {
      "iteration" : 22
    },
    {
      "iteration" : 23
    },
    {
      "iteration" : 24
    },
    {
      "iteration" : 25
    }
  ]
}