{
  "entries" : [
    {
      "iteration" : 0
    },
    {
      "iteration" : 1,
      "pitch" : "2074.750"
    },
    {
      "iteration" : 2,
      "pitch" : "293.333"
    },
    {
      "iteration" : 3,
      "pitch" : "293.305"
    },
    {
      "iteration" : 4,
      "pitch" : "294.555"
    },
    {
      "iteration" : 5,
      "pitch" : "294.293"
    },
    {
      "iteration" : 6,
      "pitch" : "294.343"
    },
    {
      "iteration" : 7,
      "pitch" : "293.970"
    },
    {
      "iteration" : 8,
      "pitch" : "292.854"
    },
    {
      "iteration" : 9,
      "pitch" : "294.491"
    },
    {
      "iteration" : 10,
      "pitch" : "294.334"
    },
    {
      "iteration" : 11,
      "pitch" : "294.608"
    },
    {
      "iteration" : 12,
      "pitch" : "294.335"
    },
    {
      "iteration" : 13,
      "pitch" : "294.316"
    },
    {
      "iteration" : 14
    },
    {
      "iteration" : 15
    },
    {
      "iteration" : 16
    },
    {
      "iteration" : 17
    },
    {
      "iteration" : 18
    },
    {
      "iteration" : 19
    },
    {
      "iteration" : 20
    },
    {
      "iteration" : 21
    },
    {
      "iteration" : 22
    },
    {
      "iteration" : 23
    },
    {
      "iteration" : 24
    },
    {
      "iteration" : 25
    }
  ]
}