{
  "entries" : [
    {
      "iteration" : 0
    },
    {
      "iteration" : 1,
      "pitch" : "349.893"
    },
    {
      "iteration" : 2,
      "pitch" : "350.462"
    },
    {
      "iteration" : 3,
      "pitch" : "350.283"
    },
    {
      "iteration" : 4,
      "pitch" : "348.243"
    },
    {
      "iteration" : 5,
      "pitch" : "350.117"
    },
    {
      "iteration" : 6,
      "pitch" : "350.052"
    },
    {
      "iteration" : 7,
      "pitch" : "349.815"
    },
    {
      "iteration" : 8,
      "pitch" : "350.118"
    },
    {
      "iteration" : 9
    },
    {
      "iteration" : 10
    },
    {
      "iteration" : 11
    },
    {
      "iteration" : 12
    },
    {
      "iteration" : 13
    },
    {
      "iteration" : 14
    },
    {
      "iteration" : 15
    },
    {
      "iteration" : 16
    },
    {
      "iteration" : 17
    },
    {
      "iteration" : 18
    },
    {
      "iteration" : 19
    },
    {
      "iteration" : 20
    },
    {
      "iteration" : 21
    },
    {
      "iteration" : 22
    },
    {
      "iteration" : 23
    },
    {
      "iteration" : 24
    },
    {
      "iteration" : 25
    }
  ]
}