{
  "entries" : [
    {
      "iteration" : 0
    },
    {
      "iteration" : 1
    },
    {
      "iteration" : 2,
      "pitch" : "65.509"
    },
    {
      "iteration" : 3,
      "pitch" : "65.331"
    },
    {
      "iteration" : 4,
      "pitch" : "65.478"
    },
    {
      "iteration" : 5,
      "pitch" : "65.498"
    },
    {
      "iteration" : 6,
      "pitch" : "65.470"
    },
    {
      "iteration" : 7,
      "pitch" : "65.505"
    },
    {
      "iteration" : 8,
      "pitch" : "65.486"
    },
    {
      "iteration" : 9,
      "pitch" : "65.442"
    },
    {
      "iteration" : 10,
      "pitch" : "65.443"
    },
    {
      "iteration" : 11,
      "pitch" : "65.492"
    },
    {
      "iteration" : 12,
      "pitch" : "65.428"
    },
    {
      "iteration" : 13,
      "pitch" : "65.499"
    },
    {
      "iteration" : 14,
      "pitch" : "65.411"
    },
    {
      "iteration" : 15,
      "pitch" : "65.333"
    },
    {
      "iteration" : 16,
      "pitch" : "65.427"
    },
    {
      "iteration" : 17,
      "pitch" : "65.481"
    },
    {
      "iteration" : 18,
      "pitch" : "65.415"
    },
    {
      "iteration" : 19,
      "pitch" : "65.477"
    },
    {
      "iteration" : 20
    },
    {
      "iteration" : 21
    },
    {
      "iteration" : 22
    },
    {
      "iteration" : 23
    },
    {
      "iteration" : 24
    },
    {
      "iteration" : 25
    }
  ]
}