{
  "entries" : [
    {
      "iteration" : 0
    },
    {
      "iteration" : 1
    },
    {
      "iteration" : 2,
      "pitch" : "51.860"
    },
    {
      "iteration" : 3,
      "pitch" : "51.959"
    },
    {
      "iteration" : 4,
      "pitch" : "51.920"
    },
    {
      "iteration" : 5,
      "pitch" : "51.991"
    },
    {
      "iteration" : 6,
      "pitch" : "51.951"
    },
    {
      "iteration" : 7,
      "pitch" : "51.895"
    },
    {
      "iteration" : 8,
      "pitch" : "51.950"
    },
    {
      "iteration" : 9,
      "pitch" : "51.949"
    },
    {
      "iteration" : 10,
      "pitch" : "51.850"
    },
    {
      "iteration" : 11,
      "pitch" : "51.918"
    },
    {
      "iteration" : 12,
      "pitch" : "51.956"
    },
    {
      "iteration" : 13,
      "pitch" : "51.895"
    },
    {
      "iteration" : 14,
      "pitch" : "51.794"
    },
    {
      "iteration" : 15,
      "pitch" : "51.886"
    },
    {
      "iteration" : 16,
      "pitch" : "51.945"
    },
    {
      "iteration" : 17,
      "pitch" : "51.855"
    },
    {
      "iteration" : 18,
      "pitch" : "51.910"
    },
    {
      "iteration" : 19,
      "pitch" : "51.958"
    },
    {
      "iteration" : 20,
      "pitch" : "51.950"
    },
    {
      "iteration" : 21,
      "pitch" : "51.880"
    },
    {
      "iteration" : 22,
      "pitch" : "51.886"
    },
    {
      "iteration" : 23
    },
    {
      "iteration" : 24
    },
    {
      "iteration" : 25
    }
  ]
}