{
  "entries" : [
    {
      "iteration" : 0
    },
    {
      "iteration" : 1,
      "pitch" : "103.974"
    },
    {
      "iteration" : 2,
      "pitch" : "208.207"
    },
    {
      "iteration" : 3,
      "pitch" : "207.379"
    },
    {
      "iteration" : 4,
      "pitch" : "208.126"
    },
    {
      "iteration" : 5,
      "pitch" : "208.148"
    },
    {
      "iteration" : 6,
      "pitch" : "208.117"
    },
    {
      "iteration" : 7,
      "pitch" : "208.077"
    },
    {
      "iteration" : 8,
      "pitch" : "208.223"
    },
    {
      "iteration" : 9,
      "pitch" : "208.257"
    },
    {
      "iteration" : 10,
      "pitch" : "208.268"
    },
    {
      "iteration" : 11,
      "pitch" : "207.994"
    },
    {
      "iteration" : 12,
      "pitch" : "208.299"
    },
    {
      "iteration" : 13
    },
    {
      "iteration" : 14
    },
    {
      "iteration" : 15
    },
    {
      "iteration" : 16
    },
    {
      "iteration" : 17
    },
    {
      "iteration" : 18
    },
    {
      "iteration" : 19
    },
    {
      "iteration" : 20
    },
    {
      "iteration" : 21
    },
    {
      "iteration" : 22
    },
    {
      "iteration" : 23
    },
    {
      "iteration" : 24
    },
    {
      "iteration" : 25
    }
  ]
}