{
  "entries" : [
    {
      "iteration" : 0
    },
    {
      "iteration" : 1
    },
    {
      "iteration" : 2,
      "pitch" : "77.911"
    },
    {
      "iteration" : 3,
      "pitch" : "77.746"
    },
    {
      "iteration" : 4,
      "pitch" : "77.837"
    },
    {
      "iteration" : 5,
      "pitch" : "77.835"
    },
    {
      "iteration" : 6,
      "pitch" : "77.842"
    },
    {
      "iteration" : 7,
      "pitch" : "77.837"
    },
    {
      "iteration" : 8,
      "pitch" : "77.777"
    },
    {
      "iteration" : 9,
      "pitch" : "77.813"
    },
    {
      "iteration" : 10,
      "pitch" : "77.812"
    },
    {
      "iteration" : 11,
      "pitch" : "77.876"
    },
    {
      "iteration" : 12,
      "pitch" : "77.787"
    },
    {
      "iteration" : 13,
      "pitch" : "77.767"
    },
    {
      "iteration" : 14,
      "pitch" : "77.799"
    },
    {
      "iteration" : 15,
      "pitch" : "77.726"
    },
    {
      "iteration" : 16,
      "pitch" : "77.830"
    },
    {
      "iteration" : 17,
      "pitch" : "77.828"
    },
    {
      "iteration" : 18,
      "pitch" : "77.710"
    },
    {
      "iteration" : 19,
      "pitch" : "77.823"
    },
    {
      "iteration" : 20,
      "pitch" : "77.823"
    },
    {
      "iteration" : 21,
      "pitch" : "77.805"
    },
    {
      "iteration" : 22,
      "pitch" : "77.689"
    },
    {
      "iteration" : 23,
      "pitch" : "77.827"
    },
    {
      "iteration" : 24,
      "pitch" : "77.885"
    },
    {
      "iteration" : 25,
      "pitch" : "77.815"
    }
  ]
}