{
  "entries" : [
    {
      "iteration" : 0
    },
    {
      "iteration" : 1,
      "pitch" : "90.439"
    },
    {
      "iteration" : 2,
      "pitch" : "87.465"
    },
    {
      "iteration" : 3,
      "pitch" : "87.333"
    },
    {
      "iteration" : 4,
      "pitch" : "87.345"
    },
    {
      "iteration" : 5,
      "pitch" : "87.255"
    },
    {
      "iteration" : 6,
      "pitch" : "87.352"
    },
    {
      "iteration" : 7,
      "pitch" : "87.279"
    },
    {
      "iteration" : 8,
      "pitch" : "87.341"
    },
    {
      "iteration" : 9,
      "pitch" : "87.295"
    },
    {
      "iteration" : 10,
      "pitch" : "87.228"
    },
    {
      "iteration" : 11,
      "pitch" : "87.342"
    },
    {
      "iteration" : 12,
      "pitch" : "87.380"
    },
    {
      "iteration" : 13,
      "pitch" : "87.308"
    },
    {
      "iteration" : 14,
      "pitch" : "87.356"
    },
    {
      "iteration" : 15,
      "pitch" : "87.298"
    },
    {
      "iteration" : 16,
      "pitch" : "87.336"
    },
    {
      "iteration" : 17,
      "pitch" : "87.281"
    },
    {
      "iteration" : 18,
      "pitch" : "87.310"
    },
    {
      "iteration" : 19,
      "pitch" : "87.359"
    },
    {
      "iteration" : 20,
      "pitch" : "87.341"
    },
    {
      "iteration" : 21,
      "pitch" : "87.369"
    },
    {
      "iteration" : 22,
      "pitch" : "87.314"
    },
    {
      "iteration" : 23,
      "pitch" : "87.211"
    },
    {
      "iteration" : 24,
      "pitch" : "87.240"
    },
    {
      "iteration" : 25
    }
  ]
}