{
  "entries" : [
    {
      "iteration" : 0
    },
    {
      "iteration" : 1
    },
    {
      "iteration" : 2,
      "pitch" : "110.219"
    },
    {
      "iteration" : 3,
      "pitch" : "110.168"
    },
    {
      "iteration" : 4,
      "pitch" : "110.040"
    },
    {
      "iteration" : 5,
      "pitch" : "110.216"
    },
    {
      "iteration" : 6,
      "pitch" : "110.123"
    },
    {
      "iteration" : 7,
      "pitch" : "110.197"
    },
    {
      "iteration" : 8,
      "pitch" : "110.195"
    },
    {
      "iteration" : 9,
      "pitch" : "110.192"
    },
    {
      "iteration" : 10,
      "pitch" : "110.177"
    },
    {
      "iteration" : 11,
      "pitch" : "110.137"
    },
    {
      "iteration" : 12,
      "pitch" : "110.155"
    },
    {
      "iteration" : 13
    },
    {
      "iteration" : 14
    },
    {
      "iteration" : 15
    },
    {
      "iteration" : 16
    },
    {
      "iteration" : 17
    },
    {
      "iteration" : 18
    },
    {
      "iteration" : 19
    },
    {
      "iteration" : 20
    },
    {
      "iteration" : 21
    },
    {
      "iteration" : 22
    },
    {
      "iteration" : 23
    },
    {
      "iteration" : 24
    },
    {
      "iteration" : 25
    }
  ]
}