{
  "entries" : [
    {
      "iteration" : 0
    },
    {
      "iteration" : 1,
      "pitch" : "136.308"
    },
    {
      "iteration" : 2,
      "pitch" : "32.578"
    },
    {
      "iteration" : 3,
      "pitch" : "32.683"
    },
    {
      "iteration" : 4,
      "pitch" : "32.697"
    },
    {
      "iteration" : 5,
      "pitch" : "32.672"
    },
    {
      "iteration" : 6,
      "pitch" : "32.671"
    },
    {
      "iteration" : 7,
      "pitch" : "32.690"
    },
    {
      "iteration" : 8,
      "pitch" : "32.686"
    },
    {
      "iteration" : 9,
      "pitch" : "32.681"
    },
    {
      "iteration" : 10,
      "pitch" : "32.706"
    },
    {
      "iteration" : 11,
      "pitch" : "32.681"
    },
    {
      "iteration" : 12,
      "pitch" : "32.692"
    },
    {
      "iteration" : 13,
      "pitch" : "32.700"
    },
    {
      "iteration" : 14,
      "pitch" : "32.705"
    },
    {
      "iteration" : 15,
      "pitch" : "32.668"
    },
    {
      "iteration" : 16,
      "pitch" : "32.673"
    },
    {
      "iteration" : 17,
      "pitch" : "32.708"
    },
    {
      "iteration" : 18,
      "pitch" : "32.707"
    },
    {
      "iteration" : 19,
      "pitch" : "32.702"
    },
    {
      "iteration" : 20,
      "pitch" : "32.670"
    },
    {
      "iteration" : 21,
      "pitch" : "32.710"
    },
    {
      "iteration" : 22,
      "pitch" : "32.723"
    },
    {
      "iteration" : 23,
      "pitch" : "32.720"
    },
    {
      "iteration" : 24,
      "pitch" : "32.712"
    },
    {
      "iteration" : 25,
      "pitch" : "32.725"
    }
  ]
}