{
  "entries" : [
    {
      "iteration" : 0
    },
    {
      "iteration" : 1,
      "pitch" : "349.535"
    },
    {
      "iteration" : 2,
      "pitch" : "174.925"
    },
    {
      "iteration" : 3,
      "pitch" : "175.080"
    },
    {
      "iteration" : 4,
      "pitch" : "174.976"
    },
    {
      "iteration" : 5,
      "pitch" : "174.959"
    },
    {
      "iteration" : 6,
      "pitch" : "174.942"
    },
    {
      "iteration" : 7,
      "pitch" : "174.984"
    },
    {
      "iteration" : 8,
      "pitch" : "174.961"
    },
    {
      "iteration" : 9,
      "pitch" : "174.920"
    },
    {
      "iteration" : 10,
      "pitch" : "174.955"
    },
    {
      "iteration" : 11,
      "pitch" : "174.833"
    },
    {
      "iteration" : 12,
      "pitch" : "174.941"
    },
    {
      "iteration" : 13,
      "pitch" : "174.934"
    },
    {
      "iteration" : 14,
      "pitch" : "174.876"
    },
    {
      "iteration" : 15,
      "pitch" : "174.952"
    },
    {
      "iteration" : 16,
      "pitch" : "174.738"
    },
    {
      "iteration" : 17,
      "pitch" : "174.919"
    },
    {
      "iteration" : 18
    },
    {
      "iteration" : 19
    },
    {
      "iteration" : 20
    },
    {
      "iteration" : 21
    },
    {
      "iteration" : 22
    },
    {
      "iteration" : 23
    },
    {
      "iteration" : 24
    },
    {
      "iteration" : 25
    }
  ]
}