{
  "entries" : [
    {
      "iteration" : 0
    },
    {
      "iteration" : 1
    },
    {
      "iteration" : 2,
      "pitch" : "73.482"
    },
    {
      "iteration" : 3,
      "pitch" : "73.438"
    },
    {
      "iteration" : 4,
      "pitch" : "73.473"
    },
    {
      "iteration" : 5,
      "pitch" : "73.504"
    },
    {
      "iteration" : 6,
      "pitch" : "73.566"
    },
    {
      "iteration" : 7,
      "pitch" : "73.528"
    },
    {
      "iteration" : 8,
      "pitch" : "73.492"
    },
    {
      "iteration" : 9,
      "pitch" : "73.476"
    },
    {
      "iteration" : 10,
      "pitch" : "73.464"
    },
    {
      "iteration" : 11,
      "pitch" : "73.579"
    },
    {
      "iteration" : 12,
      "pitch" : "73.401"
    },
    {
      "iteration" : 13,
      "pitch" : "73.537"
    },
    {
      "iteration" : 14,
      "pitch" : "73.477"
    },
    {
      "iteration" : 15,
      "pitch" : "73.517"
    },
    {
      "iteration" : 16,
      "pitch" : "73.546"
    },
    {
      "iteration" : 17,
      "pitch" : "73.449"
    },
    {
      "iteration" : 18
    },
    {
      "iteration" : 19
    },
    {
      "iteration" : 20
    },
    {
      "iteration" : 21
    },
    {
      "iteration" : 22
    },
    {
      "iteration" : 23
    },
    {
      "iteration" : 24
    },
    {
      "iteration" : 25
    }
  ]
}